Warning: running in conda env, please deactivate before executing this script
The '--headless' CLI argument is deprecated. Omit '--viz' for default headless. If config visualizers are enabled and you want to force headless, use '--viz none'.
WARNING: All log messages before absl::InitializeLog() is called are written to STDERR
E0000 00:00:1788264187.372608    6377 descriptor_database.cc:633] File already exists in database: grpc/health/v1/health.proto
W0000 00:00:1788264187.372628    6377 message.cc:301] Protobuf GeneratedMessageFactory: File is already registered: grpc/health/v1/health.proto
[ISAACLAB] AppLauncher initialization complete
[rl_bridge] 셀 격자: 483셀 (12cm) — front:48, rear:32, side_left:99, side_right:99, top:205
[car_cells] cell 361 top tilt 1.9° quad c3=+1.669 c5=-4.895 rms=17.64mm init={'ra': 0.12395956371840842, 'scratch': 0.33940825743129, 'n_scr': 1, 'clearcoat': 44.364899876373386}
[car_cells] cell 362 top tilt 15.9° quad c3=-0.228 c5=+16.722 rms=9.37mm init={'ra': 0.10064017598618594, 'scratch': 0.49646740644258736, 'n_scr': 1, 'clearcoat': 44.90412693724262}
[car_cells] cell 363 top tilt 33.5° quad c3=+4.668 c5=-0.279 rms=36.79mm init={'ra': 0.12032712884347554, 'scratch': 0.18130399919251716, 'n_scr': 1, 'clearcoat': 48.35895728247464}
[car_cells] cell 379 top tilt 2.3° quad c3=+1.695 c5=-4.799 rms=17.72mm init={'ra': 0.12445533529925155, 'scratch': 0.31435628649582453, 'n_scr': 3, 'clearcoat': 41.688962456605}
[car_cells] cell 380 top tilt 14.6° quad c3=-1.763 c5=-39.797 rms=41.46mm init={'ra': 0.11405871872506991, 'scratch': 0.37324428794218045, 'n_scr': 2, 'clearcoat': 43.67656879810907}
[car_cells] cell 381 top tilt 33.5° quad c3=+4.797 c5=-0.383 rms=35.61mm init={'ra': 0.10682614969530481, 'scratch': 0.23758553940212118, 'n_scr': 3, 'clearcoat': 48.818253389249406}
[car_cells] cell 397 top tilt 2.5° quad c3=+1.360 c5=-16.642 rms=13.45mm init={'ra': 0.1338891223818255, 'scratch': 0.19272231565398257, 'n_scr': 1, 'clearcoat': 49.13278836665758}
[car_cells] cell 398 top tilt 36.3° quad c3=-1.050 c5=+7.619 rms=47.62mm init={'ra': 0.09125834070513959, 'scratch': 0.15677531697438152, 'n_scr': 1, 'clearcoat': 47.50516674227787}
[car_cells] cell 414 top tilt 2.2° quad c3=+1.463 c5=-4.873 rms=17.21mm init={'ra': 0.09334238423927864, 'scratch': 0.12370152653173898, 'n_scr': 2, 'clearcoat': 42.53307455529544}
[car_cells] cell 415 top tilt 18.4° quad c3=-2.029 c5=-26.725 rms=20.01mm init={'ra': 0.09998379420248564, 'scratch': 0.430055289411805, 'n_scr': 2, 'clearcoat': 48.03717288252372}
[car_cells] cell 432 top tilt 12.7° quad c3=-2.957 c5=-4.354 rms=9.33mm init={'ra': 0.11790723885572162, 'scratch': 0.39446585186845406, 'n_scr': 3, 'clearcoat': 43.746823249265674}
[car_cells] cell 433 top tilt 25.9° quad c3=-0.781 c5=+9.715 rms=10.47mm init={'ra': 0.10209033755134471, 'scratch': 0.05090791599372552, 'n_scr': 3, 'clearcoat': 45.138648065591156}
[car_cells] cell 434 top tilt 30.8° quad c3=+3.354 c5=-0.167 rms=9.54mm init={'ra': 0.12069384192662878, 'scratch': 0.4790351100752506, 'n_scr': 2, 'clearcoat': 40.23942019844796}
[car_cells] cell 453 top tilt 28.8° quad c3=+3.624 c5=-3.433 rms=16.14mm init={'ra': 0.11408299670352119, 'scratch': 0.0771418232223993, 'n_scr': 1, 'clearcoat': 42.11920758220226}
[car_cells] cell 473 top tilt 30.6° quad c3=-4.111 c5=-3.523 rms=21.13mm init={'ra': 0.10911354103213139, 'scratch': 0.1549192674731395, 'n_scr': 2, 'clearcoat': 45.827369196629405}
[car_cells] cell 479 top tilt 30.2° quad c3=-6.586 c5=+0.141 rms=5.93mm init={'ra': 0.10721838721080132, 'scratch': 0.1258366385430636, 'n_scr': 3, 'clearcoat': 41.182079016548364}
[car_cells] 감압: 목표 힘 5.78 → 4.04 N (0.7×)
[car_cells] 소형 패드: 물리 반경 0.035 m (footprint/raster 도 동일; 제거 모델 pad_radius 는 보정 설정값 유지 — 주의)
[INFO]: Base environment:
	Environment device    : cuda:0
	Environment seed      : None
	Physics step-size     : 0.008333333333333333
	Rendering step-size   : 0.05
	Environment step-size : 0.05
[INFO]: Registered backend 'physx' for factory Articulation.
[INFO] Robot /World/envs/env_0/Robot/m0609/m0609: 폴리싱 디스크 생성 완료 → /World/envs/env_0/Robot/m0609/m0609/polishing_contact_pad
[RobotPolishEnv] 곡면 작업면 스폰: quad R=0.6 (41x41 격자)
[INFO]: Registered backend 'physx' for factory ContactSensor.
[INFO]: Time taken for scene creation Last: 1.208943 s, Mean: 1.208943 s, Std: 0.000000 s, N: 1
[INFO]: Scene manager:  <class InteractiveScene>
	Number of environments: 16
	Environment spacing   : 1.6
	Source prim name      : /World/envs/env_0
	Global prim paths     : []
	Replicate physics     : True
[INFO]: Starting the simulation. This may take a few seconds. Please wait...
[INFO]: Simulation parameters for joints in /World/envs/env_.*/Robot:
+--------------------------------------------------------------------------------------------------------------------------------------------------------------------+
|                                                 Simulation Joint Information (Prim path: /World/envs/env_.*/Robot)                                                 |
+-------+-----------+-----------+---------+----------+-----------------+------------------+------------------+---------------------+-----------------+---------------+
| Index | Name      | Stiffness | Damping | Armature | Static Friction | Dynamic Friction | Viscous Friction |   Position Limits   | Velocity Limits | Effort Limits |
+-------+-----------+-----------+---------+----------+-----------------+------------------+------------------+---------------------+-----------------+---------------+
|   0   | joint_1   |  1.0e+04  | 500.000 |  0.000   |      0.000      |      0.000       |      0.000       |   [-6.283, 6.283]   |      2.618      |    9.6e+03    |
|   1   | joint_2   |  1.0e+04  | 500.000 |  0.000   |      0.000      |      0.000       |      0.000       |   [-6.283, 6.283]   |      2.618      |    9.6e+03    |
|   2   | joint_3   |  1.0e+04  | 500.000 |  0.000   |      0.000      |      0.000       |      0.000       |   [-2.618, 2.618]   |      3.142      |    5.4e+03    |
|   3   | joint_4   |  1.0e+04  | 500.000 |  0.000   |      0.000      |      0.000       |      0.000       |   [-6.283, 6.283]   |      3.927      |    2.7e+03    |
|   4   | joint_5   |  1.0e+04  | 500.000 |  0.000   |      0.000      |      0.000       |      0.000       |   [-6.283, 6.283]   |      3.927      |    2.7e+03    |
|   5   | joint_6   |  1.0e+04  | 500.000 |  0.000   |      0.000      |      0.000       |      0.000       |   [-6.283, 6.283]   |      3.927      |    2.7e+03    |
|   6   | pad_joint |  2.0e+03  | 100.000 |  0.000   |      0.000      |      0.000       |      0.000       | [-3.4e+38, 3.4e+38] |     104.720     |    100.000    |
+-------+-----------+-----------+---------+----------+-----------------+------------------+------------------+---------------------+-----------------+---------------+
[INFO]: Time taken for simulation start Last: 0.844294 s, Mean: 0.844294 s, Std: 0.000000 s, N: 1
[INFO]: Completed setting up the environment...
[PolishEnv] 차 셀 모드 side env 0/16
[PolishEnv] side 접촉 env 0/16 (side_env_ratio=0.0)
[RobotPolishEnv] v5 M0609+pad coupled | link_6 contact offset=[-0.0025 -0.02    0.0448] m
[repolish] loaded learning/rl/robot/champion/model_ppo_curved.pt (obs_dim=14)
[car_cells] cell 362 top: fail_force_overload passes=0 GU 71.4→71.4 scr 0.48→0.48 cc_min 43.0 → spot_repaint_review
[car_cells] cell 433 top: fail_force_overload passes=0 GU 65.9→65.9 scr 0.09→0.09 cc_min 41.9 → spot_repaint_review
[car_cells] cell 397 top: fail_force_overload passes=0 GU 73.1→73.1 scr 0.19→0.19 cc_min 46.4 → spot_repaint_review
[car_cells] cell 398 top: fail_force_overload passes=0 GU 68.4→68.9 scr 0.24→0.23 cc_min 44.6 → spot_repaint_review
[car_cells] step=2000 done=4/16
[car_cells] cell 415 top: fail_force_overload passes=0 GU 72.1→73.4 scr 0.44→0.39 cc_min 45.1 → spot_repaint_review
[car_cells] cell 380 top: fail_force_overload passes=0 GU 65.7→70.7 scr 0.40→0.29 cc_min 42.7 → spot_repaint_review
[car_cells] step=4000 done=6/16
[car_cells] cell 432 top: fail_force_overload passes=0 GU 53.7→63.5 scr 0.46→0.46 cc_min 40.1 → spot_repaint_review
[car_cells] step=6000 done=7/16
[car_cells] cell 361 top: fail_force_overload passes=0 GU 70.3→72.7 scr 0.39→0.19 cc_min 40.9 → spot_repaint_review
[car_cells] cell 414 top: fail_force_overload passes=0 GU 60.3→70.0 scr 0.18→0.08 cc_min 37.2 → spot_repaint_review
[car_cells] step=8000 done=9/16
[car_cells] step=10000 done=9/16
[car_cells] step=12000 done=9/16
[car_cells] step=14000 done=9/16
[car_cells] cell 381 top: success passes=1 GU 54.6→72.1 scr 0.30→0.05 cc_min 43.5 → pass
[car_cells] cell 363 top: success passes=1 GU 73.4→73.2 scr 0.23→0.02 cc_min 44.0 → pass
[car_cells] cell 379 top: fail_clearcoat_budget passes=1 GU 68.0→68.6 scr 0.34→0.06 cc_min 36.3 → rework_candidate
[car_cells] cell 434 top: fail_clearcoat_budget passes=1 GU 64.0→64.9 scr 0.48→0.09 cc_min 35.1 → spot_repaint_review
[car_cells] cell 473 top: success passes=1 GU 65.6→72.4 scr 0.20→0.03 cc_min 42.9 → pass
[car_cells] cell 479 top: fail_clearcoat_budget passes=1 GU 65.4→67.3 scr 0.17→0.03 cc_min 36.5 → rework_candidate
[car_cells] step=16000 done=15/16
[car_cells] step=18000 done=15/16
[car_cells] step=20000 done=15/16
[car_cells] step=22000 done=15/16
[car_cells] step=24000 done=15/16
[car_cells] step=26000 done=15/16
[car_cells] step=28000 done=15/16
[car_cells] cell 453 top: fail_quality_regression passes=2 GU 66.0→59.9 scr 0.21→0.03 cc_min 35.1 → spot_repaint_review
[car_cells] 배치 완료: 16셀, 합격 3 → learning/rl/robot/results/car_cells_rerun.csv
[INFO]: SimulationContext cleared
Loading user config located at: '/home/rokey/isaacsim/kit/data/Kit/IsaacLab/3.0/user.config.json'
2026-09-01T12:03:07Z [0ms] [Warning] [omni.ext.plugin] [ext: isaaclab_visualizers] Extensions config 'extension.toml' doesn't exist '/home/rokey/IsaacLab/source/isaaclab_visualizers' or '/home/rokey/IsaacLab/source/isaaclab_visualizers/config'
2026-09-01T12:03:07Z [351ms] [Warning] [omni.usd_config.extension] Enable omni.materialx.libs extension to use MaterialX
2026-09-01T12:03:15Z [8,318ms] [Warning] [isaaclab.envs.direct_rl_env] Seed not set for the environment. The environment creation may not be deterministic.
2026-09-01T12:03:15Z [8,347ms] [Warning] [isaaclab_physx.physics.physx_manager] TGS solver with enable_external_forces_every_iteration=False may cause noisy velocities.
2026-09-01T12:03:15Z [8,448ms] [Warning] [omni.usd] Encountered USD Warnings but USD Diagnostics are currently muted. To view USD Warnings, please set the '/persistent/app/usd/muteUsdDiagnostics' setting to false in Preferences page.
2026-09-01T12:03:17Z [10,246ms] [Warning] [usdrt.population.plugin] Last global time was not created. Did you call setEnableUsdNoticeHandling?
